// Jest Snapshot v1, https://goo.gl/fbAQLP

exports[`Test in <Floor /> should make to match with the snapchot 1`] = `
<div>
  <h1
    class="step__title"
  >
    Paso 4 de 5: 
    <br />
     
    <span
      class="step__intro-title"
    >
       
      Piso de tu apartamento*
      *
    </span>
  </h1>
  <hr />
  <h4
    class="mb-5"
  >
    Piso
  </h4>
  <form
    aria-label="form-floor"
    class="step__form"
  >
    <input
      autocomplete="off"
      class="step__input"
      data-testid="input-floor"
      name="floor"
      type="number"
      value=""
    />
    <br />
    <button
      class="btn btn-primary step__bold"
      type="submit"
    >
      Siguiente
    </button>
  </form>
</div>
`;
