// Jest Snapshot v1, https://goo.gl/fbAQLP

exports[`Test in <Resumen /> should make to match with the snapchot 1`] = `
<div>
  <h1>
    Â¡Has completado tu registro con exito!
  </h1>
  <h2>
    En el proceso de formulario puedes validar los datos que ingresaste
  </h2>
</div>
`;
